<html>
<body>
<pre>
<h1>礦ision Build Log</h1>
<h2>Tool Versions:</h2>
IDE-Version: μVision V5.16.0.0
Copyright (C) 2015 ARM Ltd and ARM Germany GmbH. All rights reserved.
License Information: xiao mofang, WHU, LIC=32BTG-V6ZDL-73BM8-31IZF-V7YGI-ARR5M
 
Tool Versions:
Toolchain:       MDK-ARM Standard  Version: 5.16.0.0
Toolchain Path:  C:\Keil_v5\ARM\ARMCC\Bin
C Compiler:      Armcc.exe V5.06 (build 20)
Assembler:       Armasm.exe V5.06 (build 20)
Linker/Locator:  ArmLink.exe V5.06 (build 20)
Library Manager: ArmAr.exe V5.06 (build 20)
Hex Converter:   FromElf.exe V5.06 (build 20)
CPU DLL:         SARMCM3.DLL V5.16.0.0
Dialog DLL:      DCM.DLL V1.13.2.0
Target DLL:      Segger\JL2CM3.dll V2.99.15.2
Dialog DLL:      TCM.DLL V1.14.5.0
 
<h2>Project:</h2>
E:\创意之星\机器人资料--新\无差别组1vs1程序\prj\UP_EX-Star Demo.uvproj
Project File Date:  03/27/2019

<h2>Output:</h2>
*** Using Compiler 'V5.06 (build 20)', folder: 'C:\Keil_v5\ARM\ARMCC\Bin'
Rebuild target 'Target 1'
compiling stm32f10x_adc.c...
compiling core_cm3.c...
compiling misc.c...
compiling stm32f10x_dma.c...
compiling stm32f10x_gpio.c...
compiling stm32f10x_rcc.c...
compiling main.c...
assembling startup_stm32f10x_hd.s...
assembling cortexm3_macro.s...
compiling stm32f10x_usart.c...
compiling system_stm32f10x.c...
compiling stm32f10x_exti.c...
compiling UP_System.c...
compiling UP_Globle.c...
compiling stm32f10x_tim.c...
compiling UP_ADC.c...
compiling UP_Key.c...
compiling UP_LCD.c...
compiling UP_UART.c...
compiling UP_Exti.c...
compiling UP_it.c...
compiling UP_Timer.c...
compiling UP_NVIC.c...
compiling UP_PWM.c...
compiling UP_Bluetooth.c...
compiling UP_CDS5500.c...
compiling UP_USR232.c...
compiling UP_Zigbee.c...
compiling UP_IOout.c...
compiling UP_VGA.c...
compiling UP_RFID.c...
compiling UP_UART_Parse.c...
compiling UP_Variable.c...
compiling UP_MP3.c...
..\src\UpLib\UP_MP3.c(76): warning:  #223-D: function "UP_delay_ms" declared implicitly
  	UP_delay_ms(5000);
..\src\UpLib\UP_MP3.c: 1 warning, 0 errors
compiling UP_Woody_VoicePlaying.c...
compiling UP_Woody_SpeechRecognition.c...
compiling UP_Woody_ImageRecognition.c...
..\src\UpLib\UP_Woody_ImageRecognition.c(360): warning:  #940-D: missing return statement at end of non-void function "UP_Woody_ImagePixel"
  }
..\src\UpLib\UP_Woody_ImageRecognition.c(364): warning:  #9-D: nested comment is not allowed
  /*************************************************
..\src\UpLib\UP_Woody_ImageRecognition.c(405): warning:  #940-D: missing return statement at end of non-void function "UP_Woody_X_Coordinates"
  }
..\src\UpLib\UP_Woody_ImageRecognition.c(432): warning:  #940-D: missing return statement at end of non-void function "UP_Woody_Y_Coordinates"
  }
..\src\UpLib\UP_Woody_ImageRecognition.c(436): warning:  #9-D: nested comment is not allowed
  /*************************************************
..\src\UpLib\UP_Woody_ImageRecognition.c: 5 warnings, 0 errors
linking...
Program Size: Code=12456 RO-data=336 RW-data=320 ZI-data=1512  
FromELF: creating hex file...
After Build - User command #1: C:\Keil_v5\ARM\ARMCC\bin\fromelf.exe "..\List\UP_ADC.axf" --bin --output "..\TZ.bin"
"..\List\UP_ADC.axf" - 0 Error(s), 6 Warning(s).
Build Time Elapsed:  00:00:04
</pre>
</body>
</html>
